<html>
<body>
<pre>
<h1>µVision Build Log</h1>
<h2>Project:</h2>
C:\Users\Moj\Desktop\PawelMajtas\mtm_pn\ARM\ARM.uvproj
Project File Date:  12/02/2019

<h2>Output:</h2>
Rebuild target 'Target 1'
assembling Startup.s...
assembling arm_skeleton.s...
arm_skeleton.s(2): error: A1023E: File "LPC213x.s" could not be opened: No such file or directory
arm_skeleton.s(10): error: A1163E: Unknown opcode main_loop , expecting opcode or Macro
".\ARM.axf" - 2 Errors, 0 Warning(s).
Target not created
Rebuild target 'Target 1'
assembling Startup.s...
assembling arm_skeleton.s...
arm_skeleton.s(10): error: A1163E: Unknown opcode main_loop , expecting opcode or Macro
assembling LPC213x.s...
".\ARM.axf" - 1 Errors, 0 Warning(s).
Target not created
Rebuild target 'Target 1'
assembling Startup.s...
assembling arm_skeleton.s...
arm_skeleton.s(9): error: A1163E: Unknown opcode main_loop , expecting opcode or Macro
assembling LPC213x.s...
".\ARM.axf" - 1 Errors, 0 Warning(s).
Target not created
Rebuild target 'Target 1'
assembling Startup.s...
assembling arm_skeleton.s...
assembling LPC213x.s...
linking...
.\ARM.sct(8): warning: L6314W: No section matches pattern *(InRoot$$Sections).
Program Size: Code=276 RO-data=0 RW-data=0 ZI-data=1160  
FromELF: creating hex file...
".\ARM.axf" - 0 Errors, 1 Warning(s).
Rebuild target 'Target 1'
assembling Startup.s...
assembling arm_skeleton.s...
arm_skeleton.s(12): error: A1163E: Unknown opcode cbz , expecting opcode or Macro
assembling LPC213x.s...
".\ARM.axf" - 1 Errors, 0 Warning(s).
Target not created
Rebuild target 'Target 1'
assembling Startup.s...
assembling arm_skeleton.s...
arm_skeleton.s(12): error: A1163E: Unknown opcode cbz , expecting opcode or Macro
assembling LPC213x.s...
".\ARM.axf" - 1 Errors, 0 Warning(s).
Target not created
Rebuild target 'Target 1'
assembling Startup.s...
assembling arm_skeleton.s...
arm_skeleton.s(13): error: A1163E: Unknown opcode main_loop , expecting opcode or Macro
arm_skeleton.s(17): warning: A1447W: Missing END directive at end of file, but found a label named END
assembling LPC213x.s...
".\ARM.axf" - 1 Errors, 1 Warning(s).
Target not created
Rebuild target 'Target 1'
assembling Startup.s...
assembling arm_skeleton.s...
arm_skeleton.s(13): error: A1163E: Unknown opcode cbz , expecting opcode or Macro
assembling LPC213x.s...
".\ARM.axf" - 1 Errors, 0 Warning(s).
Target not created
Rebuild target 'Target 1'
assembling Startup.s...
assembling arm_skeleton.s...
arm_skeleton.s(13): error: A1163E: Unknown opcode cbz , expecting opcode or Macro
assembling LPC213x.s...
".\ARM.axf" - 1 Errors, 0 Warning(s).
Target not created
Rebuild target 'Target 1'
assembling Startup.s...
assembling arm_skeleton.s...
arm_skeleton.s(13): error: A1163E: Unknown opcode cbn , expecting opcode or Macro
assembling LPC213x.s...
".\ARM.axf" - 1 Errors, 0 Warning(s).
Target not created
Rebuild target 'Target 1'
assembling Startup.s...
assembling arm_skeleton.s...
arm_skeleton.s(13): error: A1163E: Unknown opcode cbnz , expecting opcode or Macro
assembling LPC213x.s...
".\ARM.axf" - 1 Errors, 0 Warning(s).
Target not created
Rebuild target 'Target 1'
assembling Startup.s...
assembling arm_skeleton.s...
arm_skeleton.s(13): error: A1163E: Unknown opcode cbnz , expecting opcode or Macro
assembling LPC213x.s...
".\ARM.axf" - 1 Errors, 0 Warning(s).
Target not created
Rebuild target 'Target 1'
assembling Startup.s...
assembling arm_skeleton.s...
arm_skeleton.s(13): error: A1163E: Unknown opcode cbnz , expecting opcode or Macro
assembling LPC213x.s...
".\ARM.axf" - 1 Errors, 0 Warning(s).
Target not created
Rebuild target 'Target 1'
assembling Startup.s...
assembling arm_skeleton.s...
arm_skeleton.s(13): error: A1163E: Unknown opcode cbeq , expecting opcode or Macro
assembling LPC213x.s...
".\ARM.axf" - 1 Errors, 0 Warning(s).
Target not created
Rebuild target 'Target 1'
assembling Startup.s...
assembling arm_skeleton.s...
arm_skeleton.s(13): error: A1112E: Expected address expression
assembling LPC213x.s...
".\ARM.axf" - 1 Errors, 0 Warning(s).
Target not created
Rebuild target 'Target 1'
assembling Startup.s...
assembling arm_skeleton.s...
arm_skeleton.s(13): error: A1112E: Expected address expression
assembling LPC213x.s...
".\ARM.axf" - 1 Errors, 0 Warning(s).
Target not created
Rebuild target 'Target 1'
assembling Startup.s...
assembling arm_skeleton.s...
assembling LPC213x.s...
linking...
.\ARM.sct(8): warning: L6314W: No section matches pattern *(InRoot$$Sections).
Program Size: Code=280 RO-data=0 RW-data=0 ZI-data=1160  
FromELF: creating hex file...
".\ARM.axf" - 0 Errors, 1 Warning(s).
Rebuild target 'Target 1'
assembling Startup.s...
assembling arm_skeleton.s...
arm_skeleton.s(13): warning: A1865W: '#' not seen before constant expression
assembling LPC213x.s...
linking...
.\ARM.sct(8): warning: L6314W: No section matches pattern *(InRoot$$Sections).
Program Size: Code=284 RO-data=0 RW-data=0 ZI-data=1160  
FromELF: creating hex file...
".\ARM.axf" - 0 Errors, 2 Warning(s).
Rebuild target 'Target 1'
assembling Startup.s...
assembling arm_skeleton.s...
assembling LPC213x.s...
linking...
.\ARM.sct(8): warning: L6314W: No section matches pattern *(InRoot$$Sections).
Program Size: Code=284 RO-data=0 RW-data=0 ZI-data=1160  
FromELF: creating hex file...
".\ARM.axf" - 0 Errors, 1 Warning(s).
Rebuild target 'Target 1'
assembling Startup.s...
assembling arm_skeleton.s...
assembling LPC213x.s...
linking...
.\ARM.sct(8): warning: L6314W: No section matches pattern *(InRoot$$Sections).
Program Size: Code=284 RO-data=0 RW-data=0 ZI-data=1160  
FromELF: creating hex file...
".\ARM.axf" - 0 Errors, 1 Warning(s).
Rebuild target 'Target 1'
assembling Startup.s...
assembling arm_skeleton.s...
assembling LPC213x.s...
linking...
.\ARM.sct(8): warning: L6314W: No section matches pattern *(InRoot$$Sections).
Program Size: Code=288 RO-data=0 RW-data=0 ZI-data=1160  
FromELF: creating hex file...
".\ARM.axf" - 0 Errors, 1 Warning(s).
Rebuild target 'Target 1'
assembling Startup.s...
assembling arm_skeleton.s...
assembling LPC213x.s...
linking...
.\ARM.sct(8): warning: L6314W: No section matches pattern *(InRoot$$Sections).
Program Size: Code=288 RO-data=0 RW-data=0 ZI-data=1160  
FromELF: creating hex file...
".\ARM.axf" - 0 Errors, 1 Warning(s).
Rebuild target 'Target 1'
assembling Startup.s...
assembling arm_skeleton.s...
assembling LPC213x.s...
linking...
.\ARM.sct(8): warning: L6314W: No section matches pattern *(InRoot$$Sections).
Program Size: Code=292 RO-data=0 RW-data=0 ZI-data=1160  
FromELF: creating hex file...
".\ARM.axf" - 0 Errors, 1 Warning(s).
Rebuild target 'Target 1'
assembling Startup.s...
assembling arm_skeleton.s...
assembling LPC213x.s...
linking...
.\ARM.sct(8): warning: L6314W: No section matches pattern *(InRoot$$Sections).
Program Size: Code=292 RO-data=0 RW-data=0 ZI-data=1160  
FromELF: creating hex file...
".\ARM.axf" - 0 Errors, 1 Warning(s).
Rebuild target 'Target 1'
assembling Startup.s...
assembling arm_skeleton.s...
assembling LPC213x.s...
linking...
.\ARM.sct(8): warning: L6314W: No section matches pattern *(InRoot$$Sections).
Program Size: Code=292 RO-data=0 RW-data=0 ZI-data=1160  
FromELF: creating hex file...
".\ARM.axf" - 0 Errors, 1 Warning(s).
Rebuild target 'Target 1'
assembling Startup.s...
assembling arm_skeleton.s...
assembling LPC213x.s...
linking...
.\ARM.sct(8): warning: L6314W: No section matches pattern *(InRoot$$Sections).
Program Size: Code=292 RO-data=0 RW-data=0 ZI-data=1160  
FromELF: creating hex file...
".\ARM.axf" - 0 Errors, 1 Warning(s).
Rebuild target 'Target 1'
assembling Startup.s...
assembling arm_skeleton.s...
assembling LPC213x.s...
linking...
.\ARM.sct(8): warning: L6314W: No section matches pattern *(InRoot$$Sections).
Program Size: Code=292 RO-data=0 RW-data=0 ZI-data=1160  
FromELF: creating hex file...
".\ARM.axf" - 0 Errors, 1 Warning(s).
Rebuild target 'Target 1'
assembling Startup.s...
assembling arm_skeleton.s...
assembling LPC213x.s...
linking...
.\ARM.sct(8): warning: L6314W: No section matches pattern *(InRoot$$Sections).
Program Size: Code=292 RO-data=0 RW-data=0 ZI-data=1160  
FromELF: creating hex file...
".\ARM.axf" - 0 Errors, 1 Warning(s).
Rebuild target 'Target 1'
assembling Startup.s...
assembling arm_skeleton.s...
assembling LPC213x.s...
linking...
.\ARM.sct(8): warning: L6314W: No section matches pattern *(InRoot$$Sections).
Program Size: Code=292 RO-data=0 RW-data=0 ZI-data=1160  
FromELF: creating hex file...
".\ARM.axf" - 0 Errors, 1 Warning(s).
Rebuild target 'Target 1'
assembling Startup.s...
assembling arm_skeleton.s...
assembling LPC213x.s...
linking...
.\ARM.sct(8): warning: L6314W: No section matches pattern *(InRoot$$Sections).
Program Size: Code=292 RO-data=0 RW-data=0 ZI-data=1160  
FromELF: creating hex file...
".\ARM.axf" - 0 Errors, 1 Warning(s).
Rebuild target 'Target 1'
assembling Startup.s...
assembling arm_skeleton.s...
assembling LPC213x.s...
linking...
.\ARM.sct(8): warning: L6314W: No section matches pattern *(InRoot$$Sections).
Program Size: Code=292 RO-data=0 RW-data=0 ZI-data=1160  
FromELF: creating hex file...
".\ARM.axf" - 0 Errors, 1 Warning(s).
Rebuild target 'Target 1'
assembling Startup.s...
assembling arm_skeleton.s...
assembling LPC213x.s...
linking...
.\ARM.sct(8): warning: L6314W: No section matches pattern *(InRoot$$Sections).
Program Size: Code=292 RO-data=0 RW-data=0 ZI-data=1160  
FromELF: creating hex file...
".\ARM.axf" - 0 Errors, 1 Warning(s).
Rebuild target 'Target 1'
assembling Startup.s...
assembling arm_skeleton.s...
arm_skeleton.s(13): error: A1150E: Bad symbol, not defined or external
arm_skeleton.s(15): error: A1477E: This register combination results in UNPREDICTABLE behaviour
assembling LPC213x.s...
".\ARM.axf" - 2 Errors, 0 Warning(s).
Target not created
Rebuild target 'Target 1'
assembling Startup.s...
assembling arm_skeleton.s...
arm_skeleton.s(15): error: A1477E: This register combination results in UNPREDICTABLE behaviour
assembling LPC213x.s...
".\ARM.axf" - 1 Errors, 0 Warning(s).
Target not created
Rebuild target 'Target 1'
assembling Startup.s...
assembling arm_skeleton.s...
arm_skeleton.s(15): error: A1477E: This register combination results in UNPREDICTABLE behaviour
assembling LPC213x.s...
".\ARM.axf" - 1 Errors, 0 Warning(s).
Target not created
Rebuild target 'Target 1'
assembling Startup.s...
assembling arm_skeleton.s...
assembling LPC213x.s...
linking...
.\ARM.sct(8): warning: L6314W: No section matches pattern *(InRoot$$Sections).
Program Size: Code=300 RO-data=0 RW-data=0 ZI-data=1160  
FromELF: creating hex file...
".\ARM.axf" - 0 Errors, 1 Warning(s).
Rebuild target 'Target 1'
assembling Startup.s...
assembling arm_skeleton.s...
assembling LPC213x.s...
linking...
.\ARM.sct(8): warning: L6314W: No section matches pattern *(InRoot$$Sections).
Program Size: Code=300 RO-data=0 RW-data=0 ZI-data=1160  
FromELF: creating hex file...
".\ARM.axf" - 0 Errors, 1 Warning(s).
Rebuild target 'Target 1'
assembling Startup.s...
assembling arm_skeleton.s...
arm_skeleton.s(24): error: A1163E: Unknown opcode ldi , expecting opcode or Macro
assembling LPC213x.s...
".\ARM.axf" - 1 Errors, 0 Warning(s).
Target not created
Rebuild target 'Target 1'
assembling Startup.s...
assembling arm_skeleton.s...
assembling LPC213x.s...
linking...
.\ARM.sct(8): warning: L6314W: No section matches pattern *(InRoot$$Sections).
Program Size: Code=308 RO-data=0 RW-data=0 ZI-data=1160  
FromELF: creating hex file...
".\ARM.axf" - 0 Errors, 1 Warning(s).
Rebuild target 'Target 1'
assembling Startup.s...
assembling arm_skeleton.s...
arm_skeleton.s(15): error: A1516E: Bad symbol 'ms_delay', not defined or external
assembling LPC213x.s...
".\ARM.axf" - 1 Errors, 0 Warning(s).
Target not created
Rebuild target 'Target 1'
assembling Startup.s...
assembling arm_skeleton.s...
assembling LPC213x.s...
linking...
.\ARM.sct(8): warning: L6314W: No section matches pattern *(InRoot$$Sections).
Program Size: Code=308 RO-data=0 RW-data=0 ZI-data=1160  
FromELF: creating hex file...
".\ARM.axf" - 0 Errors, 1 Warning(s).
Rebuild target 'Target 1'
assembling Startup.s...
assembling arm_skeleton.s...
assembling LPC213x.s...
linking...
.\ARM.sct(8): warning: L6314W: No section matches pattern *(InRoot$$Sections).
Program Size: Code=312 RO-data=0 RW-data=0 ZI-data=1160  
FromELF: creating hex file...
".\ARM.axf" - 0 Errors, 1 Warning(s).
Rebuild target 'Target 1'
assembling Startup.s...
assembling arm_skeleton.s...
arm_skeleton.s(12): error: A1516E: Bad symbol 'io0dir', not defined or external
assembling LPC213x.s...
".\ARM.axf" - 1 Errors, 0 Warning(s).
Target not created
Rebuild target 'Target 1'
assembling Startup.s...
assembling arm_skeleton.s...
assembling LPC213x.s...
linking...
.\ARM.sct(8): warning: L6314W: No section matches pattern *(InRoot$$Sections).
Program Size: Code=328 RO-data=0 RW-data=0 ZI-data=1160  
FromELF: creating hex file...
".\ARM.axf" - 0 Errors, 1 Warning(s).
Rebuild target 'Target 1'
assembling Startup.s...
assembling arm_skeleton.s...
assembling LPC213x.s...
linking...
.\ARM.sct(8): warning: L6314W: No section matches pattern *(InRoot$$Sections).
Program Size: Code=328 RO-data=0 RW-data=0 ZI-data=1160  
FromELF: creating hex file...
".\ARM.axf" - 0 Errors, 1 Warning(s).
Build target 'Target 1'
assembling arm_skeleton.s...
assembling LPC213x.s...
linking...
.\ARM.sct(8): warning: L6314W: No section matches pattern *(InRoot$$Sections).
Program Size: Code=324 RO-data=0 RW-data=0 ZI-data=1160  
FromELF: creating hex file...
".\ARM.axf" - 0 Errors, 1 Warning(s).
Rebuild target 'Target 1'
assembling Startup.s...
assembling arm_skeleton.s...
assembling LPC213x.s...
linking...
.\ARM.sct(8): warning: L6314W: No section matches pattern *(InRoot$$Sections).
Program Size: Code=324 RO-data=0 RW-data=0 ZI-data=1160  
FromELF: creating hex file...
".\ARM.axf" - 0 Errors, 1 Warning(s).
Rebuild target 'Target 1'
assembling Startup.s...
assembling arm_skeleton.s...
assembling LPC213x.s...
linking...
.\ARM.sct(8): warning: L6314W: No section matches pattern *(InRoot$$Sections).
Program Size: Code=340 RO-data=0 RW-data=0 ZI-data=1160  
FromELF: creating hex file...
".\ARM.axf" - 0 Errors, 1 Warning(s).
Rebuild target 'Target 1'
assembling Startup.s...
assembling arm_skeleton.s...
assembling LPC213x.s...
linking...
.\ARM.sct(8): warning: L6314W: No section matches pattern *(InRoot$$Sections).
Program Size: Code=372 RO-data=0 RW-data=0 ZI-data=1160  
FromELF: creating hex file...
".\ARM.axf" - 0 Errors, 1 Warning(s).
Rebuild target 'Target 1'
assembling Startup.s...
assembling arm_skeleton.s...
assembling LPC213x.s...
linking...
.\ARM.sct(8): warning: L6314W: No section matches pattern *(InRoot$$Sections).
Program Size: Code=372 RO-data=0 RW-data=0 ZI-data=1160  
FromELF: creating hex file...
".\ARM.axf" - 0 Errors, 1 Warning(s).
Rebuild target 'Target 1'
assembling Startup.s...
assembling arm_skeleton.s...
assembling LPC213x.s...
linking...
.\ARM.sct(8): warning: L6314W: No section matches pattern *(InRoot$$Sections).
Program Size: Code=400 RO-data=0 RW-data=0 ZI-data=1160  
FromELF: creating hex file...
".\ARM.axf" - 0 Errors, 1 Warning(s).
Rebuild target 'Target 1'
assembling Startup.s...
assembling arm_skeleton.s...
assembling LPC213x.s...
linking...
.\ARM.sct(8): warning: L6314W: No section matches pattern *(InRoot$$Sections).
Program Size: Code=400 RO-data=0 RW-data=0 ZI-data=1160  
FromELF: creating hex file...
".\ARM.axf" - 0 Errors, 1 Warning(s).
Rebuild target 'Target 1'
assembling Startup.s...
assembling arm_skeleton.s...
arm_skeleton.s(13): error: A1150E: Bad symbol, not defined or external
assembling LPC213x.s...
".\ARM.axf" - 1 Errors, 0 Warning(s).
Target not created
Rebuild target 'Target 1'
assembling Startup.s...
assembling arm_skeleton.s...
arm_skeleton.s(40): error: A1114E: Expected register relative expression
assembling LPC213x.s...
".\ARM.axf" - 1 Errors, 0 Warning(s).
Target not created
Rebuild target 'Target 1'
assembling Startup.s...
assembling arm_skeleton.s...
assembling LPC213x.s...
linking...
.\ARM.sct(8): warning: L6314W: No section matches pattern *(InRoot$$Sections).
Program Size: Code=404 RO-data=0 RW-data=0 ZI-data=1160  
FromELF: creating hex file...
".\ARM.axf" - 0 Errors, 1 Warning(s).
Rebuild target 'Target 1'
assembling Startup.s...
assembling arm_skeleton.s...
assembling LPC213x.s...
linking...
.\ARM.sct(8): warning: L6314W: No section matches pattern *(InRoot$$Sections).
Program Size: Code=392 RO-data=0 RW-data=0 ZI-data=1160  
FromELF: creating hex file...
".\ARM.axf" - 0 Errors, 1 Warning(s).
Rebuild target 'Target 1'
assembling Startup.s...
assembling arm_skeleton.s...
assembling LPC213x.s...
linking...
.\ARM.sct(8): warning: L6314W: No section matches pattern *(InRoot$$Sections).
Program Size: Code=404 RO-data=0 RW-data=0 ZI-data=1160  
FromELF: creating hex file...
".\ARM.axf" - 0 Errors, 1 Warning(s).
Rebuild target 'Target 1'
assembling Startup.s...
assembling arm_skeleton.s...
assembling LPC213x.s...
linking...
.\ARM.sct(8): warning: L6314W: No section matches pattern *(InRoot$$Sections).
Program Size: Code=408 RO-data=0 RW-data=0 ZI-data=1160  
FromELF: creating hex file...
".\ARM.axf" - 0 Errors, 1 Warning(s).
Rebuild target 'Target 1'
assembling Startup.s...
assembling arm_skeleton.s...
assembling LPC213x.s...
linking...
.\ARM.sct(8): warning: L6314W: No section matches pattern *(InRoot$$Sections).
Program Size: Code=408 RO-data=0 RW-data=0 ZI-data=1160  
FromELF: creating hex file...
".\ARM.axf" - 0 Errors, 1 Warning(s).
Rebuild target 'Target 1'
assembling Startup.s...
assembling arm_skeleton.s...
assembling LPC213x.s...
linking...
.\ARM.sct(8): warning: L6314W: No section matches pattern *(InRoot$$Sections).
Program Size: Code=408 RO-data=0 RW-data=0 ZI-data=1160  
FromELF: creating hex file...
".\ARM.axf" - 0 Errors, 1 Warning(s).
Rebuild target 'Target 1'
assembling Startup.s...
assembling arm_skeleton.s...
arm_skeleton.s(44): warning: A1466W: Operator precedence means that expression would evaluate differently in C
arm_skeleton.s(44): warning: A1466W: Operator precedence means that expression would evaluate differently in C
arm_skeleton.s(44): error: A1517E: Unexpected operator equal to or equivalent to =
assembling LPC213x.s...
".\ARM.axf" - 1 Errors, 2 Warning(s).
Target not created
Rebuild target 'Target 1'
assembling Startup.s...
assembling arm_skeleton.s...
assembling LPC213x.s...
linking...
.\ARM.sct(8): warning: L6314W: No section matches pattern *(InRoot$$Sections).
Program Size: Code=412 RO-data=0 RW-data=0 ZI-data=1160  
FromELF: creating hex file...
".\ARM.axf" - 0 Errors, 1 Warning(s).
Rebuild target 'Target 1'
assembling Startup.s...
assembling arm_skeleton.s...
assembling LPC213x.s...
linking...
.\ARM.sct(8): warning: L6314W: No section matches pattern *(InRoot$$Sections).
Program Size: Code=408 RO-data=0 RW-data=0 ZI-data=1160  
FromELF: creating hex file...
".\ARM.axf" - 0 Errors, 1 Warning(s).
Rebuild target 'Target 1'
assembling Startup.s...
assembling arm_skeleton.s...
arm_skeleton.s(47): warning: A1865W: '#' not seen before constant expression
arm_skeleton.s(50): error: A1150E: Bad symbol, not defined or external
assembling LPC213x.s...
".\ARM.axf" - 1 Errors, 1 Warning(s).
Target not created
Rebuild target 'Target 1'
assembling Startup.s...
assembling arm_skeleton.s...
assembling LPC213x.s...
linking...
.\ARM.sct(8): warning: L6314W: No section matches pattern *(InRoot$$Sections).
Program Size: Code=420 RO-data=0 RW-data=0 ZI-data=1160  
FromELF: creating hex file...
".\ARM.axf" - 0 Errors, 1 Warning(s).
Rebuild target 'Target 1'
assembling Startup.s...
assembling arm_skeleton.s...
assembling LPC213x.s...
linking...
.\ARM.sct(8): warning: L6314W: No section matches pattern *(InRoot$$Sections).
Program Size: Code=420 RO-data=0 RW-data=0 ZI-data=1160  
FromELF: creating hex file...
".\ARM.axf" - 0 Errors, 1 Warning(s).
Rebuild target 'Target 1'
assembling Startup.s...
assembling arm_skeleton.s...
assembling LPC213x.s...
linking...
.\ARM.sct(8): warning: L6314W: No section matches pattern *(InRoot$$Sections).
Program Size: Code=420 RO-data=0 RW-data=0 ZI-data=1160  
FromELF: creating hex file...
".\ARM.axf" - 0 Errors, 1 Warning(s).
Build target 'Target 1'
assembling arm_skeleton.s...
linking...
.\ARM.sct(8): warning: L6314W: No section matches pattern *(InRoot$$Sections).
Program Size: Code=412 RO-data=0 RW-data=0 ZI-data=1160  
FromELF: creating hex file...
".\ARM.axf" - 0 Errors, 1 Warning(s).
Rebuild target 'Target 1'
assembling Startup.s...
assembling arm_skeleton.s...
assembling LPC213x.s...
linking...
.\ARM.sct(8): warning: L6314W: No section matches pattern *(InRoot$$Sections).
Program Size: Code=412 RO-data=0 RW-data=0 ZI-data=1160  
FromELF: creating hex file...
".\ARM.axf" - 0 Errors, 1 Warning(s).
Rebuild target 'Target 1'
assembling Startup.s...
assembling arm_skeleton.s...
assembling LPC213x.s...
linking...
.\ARM.sct(8): warning: L6314W: No section matches pattern *(InRoot$$Sections).
Program Size: Code=424 RO-data=0 RW-data=0 ZI-data=1160  
FromELF: creating hex file...
".\ARM.axf" - 0 Errors, 1 Warning(s).
Rebuild target 'Target 1'
assembling Startup.s...
assembling arm_skeleton.s...
assembling LPC213x.s...
linking...
.\ARM.sct(8): warning: L6314W: No section matches pattern *(InRoot$$Sections).
Program Size: Code=424 RO-data=0 RW-data=0 ZI-data=1160  
FromELF: creating hex file...
".\ARM.axf" - 0 Errors, 1 Warning(s).
Rebuild target 'Target 1'
assembling Startup.s...
assembling arm_skeleton.s...
assembling LPC213x.s...
linking...
.\ARM.sct(8): warning: L6314W: No section matches pattern *(InRoot$$Sections).
Program Size: Code=424 RO-data=0 RW-data=0 ZI-data=1160  
FromELF: creating hex file...
".\ARM.axf" - 0 Errors, 1 Warning(s).
Rebuild target 'Target 1'
assembling Startup.s...
assembling arm_skeleton.s...
assembling LPC213x.s...
linking...
.\ARM.sct(8): warning: L6314W: No section matches pattern *(InRoot$$Sections).
Program Size: Code=424 RO-data=0 RW-data=0 ZI-data=1160  
FromELF: creating hex file...
".\ARM.axf" - 0 Errors, 1 Warning(s).
Rebuild target 'Target 1'
assembling Startup.s...
assembling arm_skeleton.s...
assembling LPC213x.s...
linking...
.\ARM.sct(8): warning: L6314W: No section matches pattern *(InRoot$$Sections).
Program Size: Code=424 RO-data=0 RW-data=0 ZI-data=1160  
FromELF: creating hex file...
".\ARM.axf" - 0 Errors, 1 Warning(s).
Rebuild target 'Target 1'
assembling Startup.s...
assembling arm_skeleton.s...
assembling LPC213x.s...
linking...
.\ARM.sct(8): warning: L6314W: No section matches pattern *(InRoot$$Sections).
Program Size: Code=428 RO-data=0 RW-data=0 ZI-data=1160  
FromELF: creating hex file...
".\ARM.axf" - 0 Errors, 1 Warning(s).
Rebuild target 'Target 1'
assembling Startup.s...
assembling arm_skeleton.s...
assembling LPC213x.s...
linking...
.\ARM.sct(8): warning: L6314W: No section matches pattern *(InRoot$$Sections).
Program Size: Code=432 RO-data=0 RW-data=0 ZI-data=1160  
FromELF: creating hex file...
".\ARM.axf" - 0 Errors, 1 Warning(s).
Rebuild target 'Target 1'
assembling Startup.s...
assembling arm_skeleton.s...
assembling LPC213x.s...
linking...
.\ARM.sct(8): warning: L6314W: No section matches pattern *(InRoot$$Sections).
Program Size: Code=432 RO-data=0 RW-data=0 ZI-data=1160  
FromELF: creating hex file...
".\ARM.axf" - 0 Errors, 1 Warning(s).
Rebuild target 'Target 1'
assembling Startup.s...
assembling arm_skeleton.s...
assembling LPC213x.s...
linking...
.\ARM.sct(8): warning: L6314W: No section matches pattern *(InRoot$$Sections).
Program Size: Code=432 RO-data=0 RW-data=0 ZI-data=1160  
FromELF: creating hex file...
".\ARM.axf" - 0 Errors, 1 Warning(s).
Rebuild target 'Target 1'
assembling Startup.s...
assembling arm_skeleton.s...
arm_skeleton.s(74): warning: A1581W: Added 2 bytes of padding at address 0x92
assembling LPC213x.s...
linking...
.\ARM.sct(8): warning: L6314W: No section matches pattern *(InRoot$$Sections).
Program Size: Code=444 RO-data=0 RW-data=0 ZI-data=1160  
FromELF: creating hex file...
".\ARM.axf" - 0 Errors, 2 Warning(s).
Rebuild target 'Target 1'
assembling Startup.s...
assembling arm_skeleton.s...
arm_skeleton.s(73): warning: A1581W: Added 2 bytes of padding at address 0x92
assembling LPC213x.s...
linking...
.\ARM.sct(8): warning: L6314W: No section matches pattern *(InRoot$$Sections).
Program Size: Code=444 RO-data=0 RW-data=0 ZI-data=1160  
FromELF: creating hex file...
".\ARM.axf" - 0 Errors, 2 Warning(s).
Rebuild target 'Target 1'
assembling Startup.s...
assembling arm_skeleton.s...
arm_skeleton.s(73): warning: A1581W: Added 2 bytes of padding at address 0x92
assembling LPC213x.s...
linking...
.\ARM.sct(8): warning: L6314W: No section matches pattern *(InRoot$$Sections).
Program Size: Code=444 RO-data=0 RW-data=0 ZI-data=1160  
FromELF: creating hex file...
".\ARM.axf" - 0 Errors, 2 Warning(s).
Rebuild target 'Target 1'
assembling Startup.s...
assembling arm_skeleton.s...
arm_skeleton.s(74): warning: A1581W: Added 2 bytes of padding at address 0x92
assembling LPC213x.s...
linking...
.\ARM.sct(8): warning: L6314W: No section matches pattern *(InRoot$$Sections).
Program Size: Code=444 RO-data=0 RW-data=0 ZI-data=1160  
FromELF: creating hex file...
".\ARM.axf" - 0 Errors, 2 Warning(s).
Rebuild target 'Target 1'
assembling Startup.s...
assembling arm_skeleton.s...
arm_skeleton.s(73): warning: A1581W: Added 2 bytes of padding at address 0x92
assembling LPC213x.s...
linking...
.\ARM.sct(8): warning: L6314W: No section matches pattern *(InRoot$$Sections).
Program Size: Code=444 RO-data=0 RW-data=0 ZI-data=1160  
FromELF: creating hex file...
".\ARM.axf" - 0 Errors, 2 Warning(s).
Rebuild target 'Target 1'
assembling Startup.s...
assembling arm_skeleton.s...
arm_skeleton.s(88): warning: A1581W: Added 2 bytes of padding at address 0xb6
assembling LPC213x.s...
linking...
.\ARM.sct(8): warning: L6314W: No section matches pattern *(InRoot$$Sections).
Program Size: Code=484 RO-data=0 RW-data=0 ZI-data=1160  
FromELF: creating hex file...
".\ARM.axf" - 0 Errors, 2 Warning(s).
Rebuild target 'Target 1'
assembling Startup.s...
assembling arm_skeleton.s...
arm_skeleton.s(88): warning: A1581W: Added 2 bytes of padding at address 0xb6
assembling LPC213x.s...
linking...
.\ARM.sct(8): warning: L6314W: No section matches pattern *(InRoot$$Sections).
Program Size: Code=484 RO-data=0 RW-data=0 ZI-data=1160  
FromELF: creating hex file...
".\ARM.axf" - 0 Errors, 2 Warning(s).
Rebuild target 'Target 1'
assembling Startup.s...
assembling arm_skeleton.s...
arm_skeleton.s(89): warning: A1581W: Added 2 bytes of padding at address 0xba
assembling LPC213x.s...
linking...
.\ARM.sct(8): warning: L6314W: No section matches pattern *(InRoot$$Sections).
Program Size: Code=488 RO-data=0 RW-data=0 ZI-data=1160  
FromELF: creating hex file...
".\ARM.axf" - 0 Errors, 2 Warning(s).
Rebuild target 'Target 1'
assembling Startup.s...
assembling arm_skeleton.s...
arm_skeleton.s(82): warning: A1581W: Added 2 bytes of padding at address 0x9e
assembling LPC213x.s...
linking...
.\ARM.sct(8): warning: L6314W: No section matches pattern *(InRoot$$Sections).
Program Size: Code=460 RO-data=0 RW-data=0 ZI-data=1160  
FromELF: creating hex file...
".\ARM.axf" - 0 Errors, 2 Warning(s).
Rebuild target 'Target 1'
assembling Startup.s...
assembling arm_skeleton.s...
arm_skeleton.s(83): warning: A1581W: Added 2 bytes of padding at address 0x9e
assembling LPC213x.s...
linking...
.\ARM.sct(8): warning: L6314W: No section matches pattern *(InRoot$$Sections).
Program Size: Code=460 RO-data=0 RW-data=0 ZI-data=1160  
FromELF: creating hex file...
".\ARM.axf" - 0 Errors, 2 Warning(s).
Rebuild target 'Target 1'
assembling Startup.s...
assembling arm_skeleton.s...
arm_skeleton.s(84): warning: A1581W: Added 2 bytes of padding at address 0x9e
assembling LPC213x.s...
linking...
.\ARM.sct(8): warning: L6314W: No section matches pattern *(InRoot$$Sections).
Program Size: Code=460 RO-data=0 RW-data=0 ZI-data=1160  
FromELF: creating hex file...
".\ARM.axf" - 0 Errors, 2 Warning(s).
Rebuild target 'Target 1'
assembling Startup.s...
assembling arm_skeleton.s...
arm_skeleton.s(82): error: A1198E: Unknown operand
assembling LPC213x.s...
".\ARM.axf" - 1 Errors, 0 Warning(s).
Target not created
Rebuild target 'Target 1'
assembling Startup.s...
assembling arm_skeleton.s...
arm_skeleton.s(83): warning: A1581W: Added 2 bytes of padding at address 0x9e
assembling LPC213x.s...
linking...
.\ARM.sct(8): warning: L6314W: No section matches pattern *(InRoot$$Sections).
Program Size: Code=460 RO-data=0 RW-data=0 ZI-data=1160  
FromELF: creating hex file...
".\ARM.axf" - 0 Errors, 2 Warning(s).
Rebuild target 'Target 1'
assembling Startup.s...
assembling arm_skeleton.s...
arm_skeleton.s(81): error: A1152E: Unexpected operator
assembling LPC213x.s...
".\ARM.axf" - 1 Errors, 0 Warning(s).
Target not created
Rebuild target 'Target 1'
assembling Startup.s...
assembling arm_skeleton.s...
arm_skeleton.s(83): warning: A1581W: Added 2 bytes of padding at address 0x9e
assembling LPC213x.s...
linking...
.\ARM.sct(8): warning: L6314W: No section matches pattern *(InRoot$$Sections).
Program Size: Code=460 RO-data=0 RW-data=0 ZI-data=1160  
FromELF: creating hex file...
".\ARM.axf" - 0 Errors, 2 Warning(s).
Rebuild target 'Target 1'
assembling Startup.s...
assembling arm_skeleton.s...
arm_skeleton.s(81): error: A1154E: Unexpected operand, operator expected
assembling LPC213x.s...
".\ARM.axf" - 1 Errors, 0 Warning(s).
Target not created
Rebuild target 'Target 1'
assembling Startup.s...
assembling arm_skeleton.s...
arm_skeleton.s(81): error: A1137E: Unexpected characters at end of line
assembling LPC213x.s...
".\ARM.axf" - 1 Errors, 0 Warning(s).
Target not created
Rebuild target 'Target 1'
assembling Startup.s...
assembling arm_skeleton.s...
arm_skeleton.s(83): warning: A1581W: Added 2 bytes of padding at address 0x9e
assembling LPC213x.s...
linking...
.\ARM.sct(8): warning: L6314W: No section matches pattern *(InRoot$$Sections).
Program Size: Code=460 RO-data=0 RW-data=0 ZI-data=1160  
FromELF: creating hex file...
".\ARM.axf" - 0 Errors, 2 Warning(s).
Rebuild target 'Target 1'
assembling Startup.s...
assembling arm_skeleton.s...
arm_skeleton.s(83): warning: A1581W: Added 2 bytes of padding at address 0x9e
assembling LPC213x.s...
linking...
.\ARM.sct(8): warning: L6314W: No section matches pattern *(InRoot$$Sections).
Program Size: Code=460 RO-data=0 RW-data=0 ZI-data=1160  
FromELF: creating hex file...
".\ARM.axf" - 0 Errors, 2 Warning(s).
Rebuild target 'Target 1'
assembling Startup.s...
assembling arm_skeleton.s...
arm_skeleton.s(80): warning: A1581W: Added 2 bytes of padding at address 0x92
assembling LPC213x.s...
linking...
.\ARM.sct(8): warning: L6314W: No section matches pattern *(InRoot$$Sections).
Program Size: Code=444 RO-data=0 RW-data=0 ZI-data=1160  
FromELF: creating hex file...
".\ARM.axf" - 0 Errors, 2 Warning(s).
Rebuild target 'Target 1'
assembling Startup.s...
assembling arm_skeleton.s...
arm_skeleton.s(81): warning: A1581W: Added 2 bytes of padding at address 0x92
assembling LPC213x.s...
linking...
.\ARM.sct(8): warning: L6314W: No section matches pattern *(InRoot$$Sections).
Program Size: Code=444 RO-data=0 RW-data=0 ZI-data=1160  
FromELF: creating hex file...
".\ARM.axf" - 0 Errors, 2 Warning(s).
Rebuild target 'Target 1'
assembling Startup.s...
assembling arm_skeleton.s...
arm_skeleton.s(81): warning: A1581W: Added 2 bytes of padding at address 0x92
assembling LPC213x.s...
linking...
.\ARM.sct(8): warning: L6314W: No section matches pattern *(InRoot$$Sections).
Program Size: Code=444 RO-data=0 RW-data=0 ZI-data=1160  
FromELF: creating hex file...
".\ARM.axf" - 0 Errors, 2 Warning(s).
Build target 'Target 1'
assembling arm_skeleton.s...
arm_skeleton.s(81): warning: A1581W: Added 2 bytes of padding at address 0x92
linking...
.\ARM.sct(8): warning: L6314W: No section matches pattern *(InRoot$$Sections).
Program Size: Code=444 RO-data=0 RW-data=0 ZI-data=1160  
FromELF: creating hex file...
".\ARM.axf" - 0 Errors, 2 Warning(s).
Build target 'Target 1'
assembling arm_skeleton.s...
arm_skeleton.s(81): warning: A1581W: Added 2 bytes of padding at address 0x92
linking...
.\ARM.sct(8): warning: L6314W: No section matches pattern *(InRoot$$Sections).
Program Size: Code=444 RO-data=0 RW-data=0 ZI-data=1160  
FromELF: creating hex file...
".\ARM.axf" - 0 Errors, 2 Warning(s).
Rebuild target 'Target 1'
assembling Startup.s...
assembling arm_skeleton.s...
arm_skeleton.s(81): warning: A1581W: Added 2 bytes of padding at address 0x92
assembling LPC213x.s...
linking...
.\ARM.sct(8): warning: L6314W: No section matches pattern *(InRoot$$Sections).
Program Size: Code=444 RO-data=0 RW-data=0 ZI-data=1160  
FromELF: creating hex file...
".\ARM.axf" - 0 Errors, 2 Warning(s).
Rebuild target 'Target 1'
assembling Startup.s...
assembling arm_skeleton.s...
arm_skeleton.s(79): warning: A1581W: Added 2 bytes of padding at address 0x8e
assembling LPC213x.s...
linking...
.\ARM.sct(8): warning: L6314W: No section matches pattern *(InRoot$$Sections).
Program Size: Code=440 RO-data=0 RW-data=0 ZI-data=1160  
FromELF: creating hex file...
".\ARM.axf" - 0 Errors, 2 Warning(s).
Rebuild target 'Target 1'
assembling Startup.s...
assembling arm_skeleton.s...
arm_skeleton.s(80): warning: A1581W: Added 2 bytes of padding at address 0x8e
assembling LPC213x.s...
linking...
.\ARM.sct(8): warning: L6314W: No section matches pattern *(InRoot$$Sections).
Program Size: Code=440 RO-data=0 RW-data=0 ZI-data=1160  
FromELF: creating hex file...
".\ARM.axf" - 0 Errors, 2 Warning(s).
Rebuild target 'Target 1'
assembling Startup.s...
assembling arm_skeleton.s...
arm_skeleton.s(80): warning: A1581W: Added 2 bytes of padding at address 0x92
assembling LPC213x.s...
linking...
.\ARM.sct(8): warning: L6314W: No section matches pattern *(InRoot$$Sections).
Program Size: Code=444 RO-data=0 RW-data=0 ZI-data=1160  
FromELF: creating hex file...
".\ARM.axf" - 0 Errors, 2 Warning(s).
Rebuild target 'Target 1'
assembling Startup.s...
assembling arm_skeleton.s...
arm_skeleton.s(83): warning: A1581W: Added 2 bytes of padding at address 0x92
assembling LPC213x.s...
linking...
.\ARM.sct(8): warning: L6314W: No section matches pattern *(InRoot$$Sections).
Program Size: Code=444 RO-data=0 RW-data=0 ZI-data=1160  
FromELF: creating hex file...
".\ARM.axf" - 0 Errors, 2 Warning(s).
Rebuild target 'Target 1'
assembling Startup.s...
assembling arm_skeleton.s...
arm_skeleton.s(83): warning: A1581W: Added 2 bytes of padding at address 0x92
assembling LPC213x.s...
linking...
.\ARM.sct(8): warning: L6314W: No section matches pattern *(InRoot$$Sections).
Program Size: Code=444 RO-data=0 RW-data=0 ZI-data=1160  
FromELF: creating hex file...
".\ARM.axf" - 0 Errors, 2 Warning(s).
Rebuild target 'Target 1'
assembling Startup.s...
assembling arm_skeleton.s...
arm_skeleton.s(83): warning: A1581W: Added 2 bytes of padding at address 0x92
assembling LPC213x.s...
linking...
.\ARM.sct(8): warning: L6314W: No section matches pattern *(InRoot$$Sections).
Program Size: Code=444 RO-data=0 RW-data=0 ZI-data=1160  
FromELF: creating hex file...
".\ARM.axf" - 0 Errors, 2 Warning(s).
Rebuild target 'Target 1'
assembling Startup.s...
assembling arm_skeleton.s...
arm_skeleton.s(82): warning: A1581W: Added 2 bytes of padding at address 0x8e
assembling LPC213x.s...
linking...
.\ARM.sct(8): warning: L6314W: No section matches pattern *(InRoot$$Sections).
Program Size: Code=440 RO-data=0 RW-data=0 ZI-data=1160  
FromELF: creating hex file...
".\ARM.axf" - 0 Errors, 2 Warning(s).
Rebuild target 'Target 1'
assembling Startup.s...
assembling arm_skeleton.s...
arm_skeleton.s(78): warning: A1581W: Added 2 bytes of padding at address 0x8e
assembling LPC213x.s...
linking...
.\ARM.sct(8): warning: L6314W: No section matches pattern *(InRoot$$Sections).
Program Size: Code=440 RO-data=0 RW-data=0 ZI-data=1160  
FromELF: creating hex file...
".\ARM.axf" - 0 Errors, 2 Warning(s).
Rebuild target 'Target 1'
assembling Startup.s...
assembling arm_skeleton.s...
arm_skeleton.s(79): warning: A1581W: Added 2 bytes of padding at address 0x8e
assembling LPC213x.s...
linking...
.\ARM.sct(8): warning: L6314W: No section matches pattern *(InRoot$$Sections).
Program Size: Code=440 RO-data=0 RW-data=0 ZI-data=1160  
FromELF: creating hex file...
".\ARM.axf" - 0 Errors, 2 Warning(s).
Rebuild target 'Target 1'
assembling Startup.s...
assembling arm_skeleton.s...
arm_skeleton.s(78): warning: A1581W: Added 2 bytes of padding at address 0x9e
assembling LPC213x.s...
linking...
.\ARM.sct(8): warning: L6314W: No section matches pattern *(InRoot$$Sections).
Program Size: Code=456 RO-data=0 RW-data=0 ZI-data=1160  
FromELF: creating hex file...
".\ARM.axf" - 0 Errors, 2 Warning(s).
Rebuild target 'Target 1'
assembling Startup.s...
assembling arm_skeleton.s...
arm_skeleton.s(84): warning: A1581W: Added 2 bytes of padding at address 0xb6
assembling LPC213x.s...
linking...
.\ARM.sct(8): warning: L6314W: No section matches pattern *(InRoot$$Sections).
Program Size: Code=484 RO-data=0 RW-data=0 ZI-data=1160  
FromELF: creating hex file...
".\ARM.axf" - 0 Errors, 2 Warning(s).
Rebuild target 'Target 1'
assembling Startup.s...
assembling arm_skeleton.s...
arm_skeleton.s(84): warning: A1581W: Added 2 bytes of padding at address 0x9e
assembling LPC213x.s...
linking...
.\ARM.sct(8): warning: L6314W: No section matches pattern *(InRoot$$Sections).
Program Size: Code=456 RO-data=0 RW-data=0 ZI-data=1160  
FromELF: creating hex file...
".\ARM.axf" - 0 Errors, 2 Warning(s).
Rebuild target 'Target 1'
assembling Startup.s...
assembling arm_skeleton.s...
arm_skeleton.s(84): warning: A1581W: Added 2 bytes of padding at address 0xb6
assembling LPC213x.s...
linking...
.\ARM.sct(8): warning: L6314W: No section matches pattern *(InRoot$$Sections).
Program Size: Code=484 RO-data=0 RW-data=0 ZI-data=1160  
FromELF: creating hex file...
".\ARM.axf" - 0 Errors, 2 Warning(s).
Rebuild target 'Target 1'
assembling Startup.s...
assembling arm_skeleton.s...
arm_skeleton.s(85): warning: A1581W: Added 2 bytes of padding at address 0xba
assembling LPC213x.s...
linking...
.\ARM.sct(8): warning: L6314W: No section matches pattern *(InRoot$$Sections).
Program Size: Code=488 RO-data=0 RW-data=0 ZI-data=1160  
FromELF: creating hex file...
".\ARM.axf" - 0 Errors, 2 Warning(s).
Rebuild target 'Target 1'
assembling Startup.s...
assembling arm_skeleton.s...
arm_skeleton.s(89): warning: A1581W: Added 2 bytes of padding at address 0xba
assembling LPC213x.s...
linking...
.\ARM.sct(8): warning: L6314W: No section matches pattern *(InRoot$$Sections).
Program Size: Code=488 RO-data=0 RW-data=0 ZI-data=1160  
FromELF: creating hex file...
".\ARM.axf" - 0 Errors, 2 Warning(s).
Rebuild target 'Target 1'
assembling Startup.s...
assembling arm_skeleton.s...
arm_skeleton.s(87): warning: A1581W: Added 2 bytes of padding at address 0xba
assembling LPC213x.s...
linking...
.\ARM.sct(8): warning: L6314W: No section matches pattern *(InRoot$$Sections).
Program Size: Code=488 RO-data=0 RW-data=0 ZI-data=1160  
FromELF: creating hex file...
".\ARM.axf" - 0 Errors, 2 Warning(s).
Rebuild target 'Target 1'
assembling Startup.s...
assembling arm_skeleton.s...
arm_skeleton.s(88): warning: A1581W: Added 2 bytes of padding at address 0xba
assembling LPC213x.s...
linking...
.\ARM.sct(8): warning: L6314W: No section matches pattern *(InRoot$$Sections).
Program Size: Code=488 RO-data=0 RW-data=0 ZI-data=1160  
FromELF: creating hex file...
".\ARM.axf" - 0 Errors, 2 Warning(s).
Rebuild target 'Target 1'
assembling Startup.s...
assembling arm_skeleton.s...
arm_skeleton.s(88): warning: A1581W: Added 2 bytes of padding at address 0xba
assembling LPC213x.s...
linking...
.\ARM.sct(8): warning: L6314W: No section matches pattern *(InRoot$$Sections).
Program Size: Code=488 RO-data=0 RW-data=0 ZI-data=1160  
FromELF: creating hex file...
".\ARM.axf" - 0 Errors, 2 Warning(s).
Rebuild target 'Target 1'
assembling Startup.s...
assembling arm_skeleton.s...
arm_skeleton.s(94): warning: A1581W: Added 2 bytes of padding at address 0xba
assembling LPC213x.s...
linking...
.\ARM.sct(8): warning: L6314W: No section matches pattern *(InRoot$$Sections).
Program Size: Code=488 RO-data=0 RW-data=0 ZI-data=1160  
FromELF: creating hex file...
".\ARM.axf" - 0 Errors, 2 Warning(s).
Rebuild target 'Target 1'
assembling Startup.s...
assembling arm_skeleton.s...
arm_skeleton.s(92): error: A1163E: Unknown opcode DCd , expecting opcode or Macro
assembling LPC213x.s...
".\ARM.axf" - 1 Errors, 0 Warning(s).
Target not created
Rebuild target 'Target 1'
assembling Startup.s...
assembling arm_skeleton.s...
assembling LPC213x.s...
linking...
.\ARM.sct(8): warning: L6314W: No section matches pattern *(InRoot$$Sections).
Program Size: Code=516 RO-data=0 RW-data=0 ZI-data=1160  
FromELF: creating hex file...
".\ARM.axf" - 0 Errors, 1 Warning(s).
Rebuild target 'Target 1'
assembling Startup.s...
assembling arm_skeleton.s...
arm_skeleton.s(94): warning: A1581W: Added 2 bytes of padding at address 0xba
assembling LPC213x.s...
linking...
.\ARM.sct(8): warning: L6314W: No section matches pattern *(InRoot$$Sections).
Program Size: Code=488 RO-data=0 RW-data=0 ZI-data=1160  
FromELF: creating hex file...
".\ARM.axf" - 0 Errors, 2 Warning(s).
Rebuild target 'Target 1'
assembling Startup.s...
assembling arm_skeleton.s...
arm_skeleton.s(104): warning: A1581W: Added 2 bytes of padding at address 0xda
assembling LPC213x.s...
linking...
.\ARM.sct(8): warning: L6314W: No section matches pattern *(InRoot$$Sections).
Program Size: Code=520 RO-data=0 RW-data=0 ZI-data=1160  
FromELF: creating hex file...
".\ARM.axf" - 0 Errors, 2 Warning(s).
Rebuild target 'Target 1'
assembling Startup.s...
assembling arm_skeleton.s...
arm_skeleton.s(104): warning: A1581W: Added 2 bytes of padding at address 0xda
assembling LPC213x.s...
linking...
.\ARM.sct(8): warning: L6314W: No section matches pattern *(InRoot$$Sections).
Program Size: Code=520 RO-data=0 RW-data=0 ZI-data=1160  
FromELF: creating hex file...
".\ARM.axf" - 0 Errors, 2 Warning(s).
Rebuild target 'Target 1'
assembling Startup.s...
assembling arm_skeleton.s...
arm_skeleton.s(104): warning: A1581W: Added 2 bytes of padding at address 0xda
assembling LPC213x.s...
linking...
.\ARM.sct(8): warning: L6314W: No section matches pattern *(InRoot$$Sections).
Program Size: Code=520 RO-data=0 RW-data=0 ZI-data=1160  
FromELF: creating hex file...
".\ARM.axf" - 0 Errors, 2 Warning(s).
Rebuild target 'Target 1'
assembling Startup.s...
assembling arm_skeleton.s...
arm_skeleton.s(104): warning: A1581W: Added 2 bytes of padding at address 0xda
assembling LPC213x.s...
linking...
.\ARM.sct(8): warning: L6314W: No section matches pattern *(InRoot$$Sections).
Program Size: Code=520 RO-data=0 RW-data=0 ZI-data=1160  
FromELF: creating hex file...
".\ARM.axf" - 0 Errors, 2 Warning(s).
Rebuild target 'Target 1'
assembling Startup.s...
assembling arm_skeleton.s...
arm_skeleton.s(104): warning: A1581W: Added 2 bytes of padding at address 0xda
assembling LPC213x.s...
linking...
.\ARM.sct(8): warning: L6314W: No section matches pattern *(InRoot$$Sections).
Program Size: Code=520 RO-data=0 RW-data=0 ZI-data=1160  
FromELF: creating hex file...
".\ARM.axf" - 0 Errors, 2 Warning(s).
Rebuild target 'Target 1'
assembling Startup.s...
assembling arm_skeleton.s...
arm_skeleton.s(105): warning: A1581W: Added 2 bytes of padding at address 0xde
assembling LPC213x.s...
linking...
.\ARM.sct(8): warning: L6314W: No section matches pattern *(InRoot$$Sections).
Program Size: Code=524 RO-data=0 RW-data=0 ZI-data=1160  
FromELF: creating hex file...
".\ARM.axf" - 0 Errors, 2 Warning(s).
Rebuild target 'Target 1'
assembling Startup.s...
assembling arm_skeleton.s...
arm_skeleton.s(105): warning: A1581W: Added 2 bytes of padding at address 0xde
assembling LPC213x.s...
linking...
.\ARM.sct(8): warning: L6314W: No section matches pattern *(InRoot$$Sections).
Program Size: Code=524 RO-data=0 RW-data=0 ZI-data=1160  
FromELF: creating hex file...
".\ARM.axf" - 0 Errors, 2 Warning(s).
